// Jest Snapshot v1, https://goo.gl/fbAQLP

exports[`App should match the snapshot when on the Home page 1`] = `
<Component
  style={
    Object {
      "alignItems": "center",
      "backgroundColor": "#006992",
      "flex": 1,
      "flexDirection": "column",
      "height": 100,
      "justifyContent": "center",
    }
  }
/>
`;
