// Jest Snapshot v1, https://goo.gl/fbAQLP

exports[`Wall should match the snapshot when on the Home page 1`] = `
<Component
  style={
    Object {
      "backgroundColor": "#006992",
      "flex": 1,
      "flexDirection": "column",
    }
  }
>
  <TouchableOpacity
    activeOpacity={0.2}
    onPress={[Function]}
    style={
      Object {
        "height": 35,
        "justifyContent": "center",
        "marginTop": 25,
        "paddingLeft": 15,
      }
    }
    textAlign="left"
  >
    <Icon
      allowFontScaling={false}
      color="white"
      name="angle-left"
      size={30}
    />
  </TouchableOpacity>
  <Component
    style={
      Object {
        "alignItems": "center",
        "justifyContent": "center",
        "marginTop": 35,
      }
    }
  />
  <ScrollView
    style={
      Object {
        "backgroundColor": "lightblue",
        "maxHeight": 400,
        "stickyBottom": true,
        "width": "100%",
      }
    }
  >
    <Component>
      You cannot reach this wall. Turn back while you can.
    </Component>
  </ScrollView>
  <TextInput
    allowFontScaling={true}
    onChangeText={[Function]}
    placeholder="Say something, anything bruh it's your world."
    style={
      Object {
        "backgroundColor": "white",
        "height": 60,
        "justifyContent": "center",
        "textAlign": "center",
        "width": "100%",
      }
    }
    underlineColorAndroid="transparent"
  />
  <TouchableOpacity
    activeOpacity={0.2}
    onPress={[Function]}
    style={
      Object {
        "backgroundColor": "#87b38d",
        "height": 100,
        "justifyContent": "center",
        "marginBottom": -57,
        "width": "100%",
      }
    }
  >
    <Component
      style={
        Object {
          "color": "white",
          "fontSize": 40,
          "fontWeight": "bold",
          "textAlign": "center",
        }
      }
    >
      Submit
    </Component>
  </TouchableOpacity>
</Component>
`;
